# ssl_certificate -- Unexpanded $file: /nginx/files/foobar
user nobody nogroup;
events {
	worker_connections 1024;
	accept_mutex off;
}
http {
	types {
		application/octet-stream bin exe dll;
	}
	gzip_disable "MSIE [1-6]\.";
	upstream testservers {
		server example1.com;
		server foobar.com:8080;
	}
	upstream appservers {
		# zone -- Unexpanded $value: /nginx/foo/bar
		server appserv1.example.com;
		server appserv2.example.com:8080 weight=5;
		server 192.0.2.1 max_fails=3;
		server reserve1.example.com:8080 backup;
		server reserve2.example.com:8080 backup;
	}
	server {
		server_name foobar.com;
		location @app {
			proxy_set_header X-Forwarded-For $proxy_add_x_forwarded_for;
			proxy_set_header X-Forwarded-Proto $scheme;
		}
		location = /500.html {
			root /path/to/app/current/public;
		}
	}
	server {
		server_name _;
		try_files $uri/index.html $uri.html $uri @app;
		location @app {
			proxy_set_header Host $http_host;
			proxy_set_header X-Forwarded-For $proxy_add_x_forwarded_for;
		}
		location = /500.html {
			proxy_set_header X-Forwarded-For $proxy_add_x_forwarded_for;
			proxy_set_header X-Forwarded-Proto $scheme;
			root /path/to/app/current/public;
		}
	}
}
