title = "TOML Example"
[owner]
name = "Tom Preston-Werner"
organization = "Github"
bio = "GitHub Cofounder & CEO\nLikes tater tots and beer."
dob = "2012-04-23T18:25:43.511Z"

[database]
server = "192.168.1.1"
ports = [8001,8001,8002]
connection_max = 5000
enabled = true

[clients]
data = [["gamma","delta"],[1,2]]

hosts = ["alpha","omega"]
